{
  "version": "1.5.0",
  "plugins_used": [
    {
      "name": "ArtifactoryDetector"
    },
    {
      "name": "AWSKeyDetector"
    },
    {
      "name": "AzureStorageKeyDetector"
    },
    {
      "name": "Base64HighEntropyString",
      "limit": 4.5
    },
    {
      "name": "BasicAuthDetector"
    },
    {
      "name": "CloudantDetector"
    },
    {
      "name": "DiscordBotTokenDetector"
    },
    {
      "name": "GitHubTokenDetector"
    },
    {
      "name": "HexHighEntropyString",
      "limit": 3.0
    },
    {
      "name": "IbmCloudIamDetector"
    },
    {
      "name": "IbmCosHmacDetector"
    },
    {
      "name": "JwtTokenDetector"
    },
    {
      "name": "KeywordDetector",
      "keyword_exclude": ""
    },
    {
      "name": "MailchimpDetector"
    },
    {
      "name": "NpmDetector"
    },
    {
      "name": "PrivateKeyDetector"
    },
    {
      "name": "SendGridDetector"
    },
    {
      "name": "SlackDetector"
    },
    {
      "name": "SoftlayerDetector"
    },
    {
      "name": "SquareOAuthDetector"
    },
    {
      "name": "StripeDetector"
    },
    {
      "name": "TwilioKeyDetector"
    }
  ],
  "filters_used": [
    {
      "path": "detect_secrets.filters.allowlist.is_line_allowlisted"
    },
    {
      "path": "detect_secrets.filters.common.is_baseline_file",
      "filename": ".secrets.baseline"
    },
    {
      "path": "detect_secrets.filters.common.is_ignored_due_to_verification_policies",
      "min_level": 2
    },
    {
      "path": "detect_secrets.filters.heuristic.is_indirect_reference"
    },
    {
      "path": "detect_secrets.filters.heuristic.is_likely_id_string"
    },
    {
      "path": "detect_secrets.filters.heuristic.is_lock_file"
    },
    {
      "path": "detect_secrets.filters.heuristic.is_not_alphanumeric_string"
    },
    {
      "path": "detect_secrets.filters.heuristic.is_potential_uuid"
    },
    {
      "path": "detect_secrets.filters.heuristic.is_prefixed_with_dollar_sign"
    },
    {
      "path": "detect_secrets.filters.heuristic.is_sequential_string"
    },
    {
      "path": "detect_secrets.filters.heuristic.is_swagger_file"
    },
    {
      "path": "detect_secrets.filters.heuristic.is_templated_secret"
    },
    {
      "path": "detect_secrets.filters.regex.should_exclude_file",
      "pattern": [
        "\\.venv/",
        "uv\\.lock"
      ]
    }
  ],
  "results": {
    "CLAUDE.md": [
      {
        "type": "Secret Keyword",
        "filename": "CLAUDE.md",
        "hashed_secret": "0d1ba0da3e84e54f29846c93c43182eede365858",
        "is_verified": false,
        "line_number": 159
      },
      {
        "type": "Secret Keyword",
        "filename": "CLAUDE.md",
        "hashed_secret": "d1b7e1c27fc85c2bb6e5f2923451bbc76b156e72",
        "is_verified": false,
        "line_number": 534
      }
    ],
    "SECURITY.md": [
      {
        "type": "Secret Keyword",
        "filename": "SECURITY.md",
        "hashed_secret": "45d676e7c6ab44cf4b8fa366ef2d8fccd3e6d6e6",
        "is_verified": false,
        "line_number": 87
      }
    ],
    "infrastructure/README.md": [
      {
        "type": "Secret Keyword",
        "filename": "infrastructure/README.md",
        "hashed_secret": "d03ecffb26b3c3945dca11bd8539c03cb1181b21",
        "is_verified": false,
        "line_number": 117
      },
      {
        "type": "Secret Keyword",
        "filename": "infrastructure/README.md",
        "hashed_secret": "083340f754a80829a145927085910d70c16b7963",
        "is_verified": false,
        "line_number": 161
      },
      {
        "type": "Secret Keyword",
        "filename": "infrastructure/README.md",
        "hashed_secret": "5d083b2f0c48ac21ec88d0de07b38db45b9821b5",
        "is_verified": false,
        "line_number": 205
      }
    ],
    "infrastructure/docker/.env.example": [
      {
        "type": "Secret Keyword",
        "filename": "infrastructure/docker/.env.example",
        "hashed_secret": "986f0ccadeaa5274591cc1d539a40a385c51ee81",
        "is_verified": false,
        "line_number": 6
      }
    ],
    "infrastructure/kubernetes/dagster/user-code-secrets.yaml.example": [
      {
        "type": "Secret Keyword",
        "filename": "infrastructure/kubernetes/dagster/user-code-secrets.yaml.example",
        "hashed_secret": "6a7309d9cb4a5d39842296fc768303e4398015f4",
        "is_verified": false,
        "line_number": 16
      },
      {
        "type": "Secret Keyword",
        "filename": "infrastructure/kubernetes/dagster/user-code-secrets.yaml.example",
        "hashed_secret": "73c9953539eb0b4463176424bac4a2b8a55868d1",
        "is_verified": false,
        "line_number": 22
      },
      {
        "type": "Secret Keyword",
        "filename": "infrastructure/kubernetes/dagster/user-code-secrets.yaml.example",
        "hashed_secret": "d100f1969ea8eb9bed9d1ceea11d672f3a06fae5",
        "is_verified": false,
        "line_number": 28
      }
    ],
    "infrastructure/kubernetes/dagster/values-default.yaml": [
      {
        "type": "Secret Keyword",
        "filename": "infrastructure/kubernetes/dagster/values-default.yaml",
        "hashed_secret": "068718a11c0d79ad179f9ca0f693e821b92fe105",
        "is_verified": false,
        "line_number": 8
      },
      {
        "type": "Secret Keyword",
        "filename": "infrastructure/kubernetes/dagster/values-default.yaml",
        "hashed_secret": "3ba9130c77b118552d4e2e56a99b319a2b40c2f8",
        "is_verified": false,
        "line_number": 19
      },
      {
        "type": "Secret Keyword",
        "filename": "infrastructure/kubernetes/dagster/values-default.yaml",
        "hashed_secret": "a94a8fe5ccb19ba61c4c0873d391e987982fbbd3",
        "is_verified": false,
        "line_number": 818
      }
    ],
    "infrastructure/kubernetes/dagster/values.yaml": [
      {
        "type": "Secret Keyword",
        "filename": "infrastructure/kubernetes/dagster/values.yaml",
        "hashed_secret": "06ba4d1d9dca0ab65fe79f257f0eb762b3353f7d",
        "is_verified": false,
        "line_number": 82
      }
    ],
    "infrastructure/kubernetes/minio/minio-standalone.yaml": [
      {
        "type": "Secret Keyword",
        "filename": "infrastructure/kubernetes/minio/minio-standalone.yaml",
        "hashed_secret": "84186bf161c9e333578a51ce3606e38a4102d186",
        "is_verified": false,
        "line_number": 46
      }
    ],
    "infrastructure/kubernetes/minio/values.yaml": [
      {
        "type": "Secret Keyword",
        "filename": "infrastructure/kubernetes/minio/values.yaml",
        "hashed_secret": "5511cc79b4fe42622c870ef5e57ebe65d9f88193",
        "is_verified": false,
        "line_number": 23
      }
    ],
    "infrastructure/kubernetes/polaris/SETUP.md": [
      {
        "type": "Secret Keyword",
        "filename": "infrastructure/kubernetes/polaris/SETUP.md",
        "hashed_secret": "d1b7e1c27fc85c2bb6e5f2923451bbc76b156e72",
        "is_verified": false,
        "line_number": 42
      }
    ],
    "infrastructure/kubernetes/polaris/init-polaris.sh": [
      {
        "type": "Secret Keyword",
        "filename": "infrastructure/kubernetes/polaris/init-polaris.sh",
        "hashed_secret": "d1b7e1c27fc85c2bb6e5f2923451bbc76b156e72",
        "is_verified": false,
        "line_number": 15
      }
    ],
    "infrastructure/kubernetes/polaris/polaris-secrets.yaml.example": [
      {
        "type": "Secret Keyword",
        "filename": "infrastructure/kubernetes/polaris/polaris-secrets.yaml.example",
        "hashed_secret": "ef0ed1613c2fcd219c870c2fdb6c308a43c5d290",
        "is_verified": false,
        "line_number": 38
      }
    ],
    "infrastructure/kubernetes/polaris/values-default.yaml": [
      {
        "type": "Secret Keyword",
        "filename": "infrastructure/kubernetes/polaris/values-default.yaml",
        "hashed_secret": "5baa61e4c9b93f3f0682250b6cf8331b7ee68fd8",
        "is_verified": false,
        "line_number": 555
      },
      {
        "type": "Secret Keyword",
        "filename": "infrastructure/kubernetes/polaris/values-default.yaml",
        "hashed_secret": "c312156a8ea8630a2d9b3dee411f75e1e55bf4c0",
        "is_verified": false,
        "line_number": 607
      },
      {
        "type": "Secret Keyword",
        "filename": "infrastructure/kubernetes/polaris/values-default.yaml",
        "hashed_secret": "0fe8adea73605c915212306b0731b5e9311eadb4",
        "is_verified": false,
        "line_number": 610
      },
      {
        "type": "Secret Keyword",
        "filename": "infrastructure/kubernetes/polaris/values-default.yaml",
        "hashed_secret": "8124425dd06356c4cf4209e3061329bfb12dbdec",
        "is_verified": false,
        "line_number": 620
      }
    ],
    "infrastructure/kubernetes/polaris/values.yaml": [
      {
        "type": "Secret Keyword",
        "filename": "infrastructure/kubernetes/polaris/values.yaml",
        "hashed_secret": "717d58724c635c14634f020f465f29c17bb47009",
        "is_verified": false,
        "line_number": 50
      }
    ],
    "infrastructure/kubernetes/trino/trino-secrets.yaml.example": [
      {
        "type": "Secret Keyword",
        "filename": "infrastructure/kubernetes/trino/trino-secrets.yaml.example",
        "hashed_secret": "5511cc79b4fe42622c870ef5e57ebe65d9f88193",
        "is_verified": false,
        "line_number": 21
      }
    ],
    "orchestration-dagster/README.md": [
      {
        "type": "Secret Keyword",
        "filename": "orchestration-dagster/README.md",
        "hashed_secret": "1a2fc3034e4c155463286194048df25e99a94929",
        "is_verified": false,
        "line_number": 41
      },
      {
        "type": "Secret Keyword",
        "filename": "orchestration-dagster/README.md",
        "hashed_secret": "0d1ba0da3e84e54f29846c93c43182eede365858",
        "is_verified": false,
        "line_number": 169
      }
    ],
    "orchestration-dbt/dbt/package-lock.yml": [
      {
        "type": "Hex High Entropy String",
        "filename": "orchestration-dbt/dbt/package-lock.yml",
        "hashed_secret": "d4a269949f1ce5d47d8b28fa6408d637cf8daec6",
        "is_verified": false,
        "line_number": 5
      }
    ]
  },
  "generated_at": "2025-11-28T04:49:32Z"
}
